node.exe : FAIL 
src/setup.test.jsx
At C:\nvm4w\nodejs\npx.
ps1:16 char:5
+     & 
"$basedir/node$exe"  "$
basedir/node_modules/np
m/bin/npx-cli.js" ...
+     ~~~~~~~~~~~~~~~~~
~~~~~~~~~~~~~~~~~~~~~~~
~~~~~~~~~~~~~~~~~~~~~~~
~~
    + CategoryInfo     
         : NotSpecifi  
  ed: (FAIL src/setu   
 p.test.jsx:String)    
 [], RemoteExcepti    
on
    + FullyQualifiedEr 
   rorId : NativeComm  
  andError
 
  Initial Setup Test
    ├ù should pass (21 
ms)

  ΓùÅ Initial Setup 
Test ΓÇ║ should pass

    TypeError: expect(.
..).toBeInTheDocument 
is not a function

    [0m [90m 4 
|[39m   
test([32m'should 
pass'[39m[33m,[39m 
() [33m=>[39m {
     [90m 5 |[39m    
 render([33m<[39m[33
mdiv[39m[33m>[39m[3
3mTest[39m[33m<[39m
[33m/[39m[33mdiv[39m
[33m>[39m)[33m;[39m
    [31m[1m>[22m[39
m[90m 6 |[39m     exp
ect(screen[33m.[39mge
tByText([32m'Test'[39
m))[33m.[39mtoBeInThe
Document()[33m;[39m
     [90m   |[39m    
                       
           
[31m[1m^[22m[39m
     [90m 7 |[39m   
})[33m;[39m
     [90m 8 |[39m 
})[33m;[39m
     [90m 9 |[39m[0m

      at Object.toBeInT
heDocument (src/setup.t
est.jsx:6:38)

Test Suites: 1 failed, 
1 total
Tests:       1 failed, 
1 total
Snapshots:   0 total
Time:        1.372 s
Ran all test suites 
matching 
/src\\setup.test.jsx/i.
